// Jest Snapshot v1, https://goo.gl/fbAQLP

exports[`BotStack snapshot test 1`] = `
Object {
  "Parameters": Object {
    "AssetParametersbd2c14e17e788a4d2e39a4f6550c415bff26eeb7e6a8365355441fcad7e8031eArtifactHashFC4A34F8": Object {
      "Description": "Artifact hash for asset \\"bd2c14e17e788a4d2e39a4f6550c415bff26eeb7e6a8365355441fcad7e8031e\\"",
      "Type": "String",
    },
    "AssetParametersbd2c14e17e788a4d2e39a4f6550c415bff26eeb7e6a8365355441fcad7e8031eS3Bucket0AE755F6": Object {
      "Description": "S3 bucket for asset \\"bd2c14e17e788a4d2e39a4f6550c415bff26eeb7e6a8365355441fcad7e8031e\\"",
      "Type": "String",
    },
    "AssetParametersbd2c14e17e788a4d2e39a4f6550c415bff26eeb7e6a8365355441fcad7e8031eS3VersionKey5802EF7E": Object {
      "Description": "S3 key for asset version \\"bd2c14e17e788a4d2e39a4f6550c415bff26eeb7e6a8365355441fcad7e8031e\\"",
      "Type": "String",
    },
  },
  "Resources": Object {
    "lambdaFunction940E68AD": Object {
      "DependsOn": Array [
        "lambdaFunctionServiceRoleDefaultPolicy0958DD5A",
        "lambdaFunctionServiceRoleF7E54F17",
      ],
      "Properties": Object {
        "Code": Object {
          "S3Bucket": Object {
            "Ref": "AssetParametersbd2c14e17e788a4d2e39a4f6550c415bff26eeb7e6a8365355441fcad7e8031eS3Bucket0AE755F6",
          },
          "S3Key": Object {
            "Fn::Join": Array [
              "",
              Array [
                Object {
                  "Fn::Select": Array [
                    0,
                    Object {
                      "Fn::Split": Array [
                        "||",
                        Object {
                          "Ref": "AssetParametersbd2c14e17e788a4d2e39a4f6550c415bff26eeb7e6a8365355441fcad7e8031eS3VersionKey5802EF7E",
                        },
                      ],
                    },
                  ],
                },
                Object {
                  "Fn::Select": Array [
                    1,
                    Object {
                      "Fn::Split": Array [
                        "||",
                        Object {
                          "Ref": "AssetParametersbd2c14e17e788a4d2e39a4f6550c415bff26eeb7e6a8365355441fcad7e8031eS3VersionKey5802EF7E",
                        },
                      ],
                    },
                  ],
                },
              ],
            ],
          },
        },
        "Handler": "index.handler",
        "MemorySize": 1600,
        "Role": Object {
          "Fn::GetAtt": Array [
            "lambdaFunctionServiceRoleF7E54F17",
            "Arn",
          ],
        },
        "Runtime": "nodejs12.x",
        "Timeout": 30,
        "TracingConfig": Object {
          "Mode": "Active",
        },
      },
      "Type": "AWS::Lambda::Function",
    },
    "lambdaFunctionServiceRoleDefaultPolicy0958DD5A": Object {
      "Properties": Object {
        "PolicyDocument": Object {
          "Statement": Array [
            Object {
              "Action": Array [
                "xray:PutTraceSegments",
                "xray:PutTelemetryRecords",
              ],
              "Effect": "Allow",
              "Resource": "*",
            },
          ],
          "Version": "2012-10-17",
        },
        "PolicyName": "lambdaFunctionServiceRoleDefaultPolicy0958DD5A",
        "Roles": Array [
          Object {
            "Ref": "lambdaFunctionServiceRoleF7E54F17",
          },
        ],
      },
      "Type": "AWS::IAM::Policy",
    },
    "lambdaFunctionServiceRoleF7E54F17": Object {
      "Properties": Object {
        "AssumeRolePolicyDocument": Object {
          "Statement": Array [
            Object {
              "Action": "sts:AssumeRole",
              "Effect": "Allow",
              "Principal": Object {
                "Service": "lambda.amazonaws.com",
              },
            },
          ],
          "Version": "2012-10-17",
        },
        "ManagedPolicyArns": Array [
          Object {
            "Fn::Join": Array [
              "",
              Array [
                "arn:",
                Object {
                  "Ref": "AWS::Partition",
                },
                ":iam::aws:policy/service-role/AWSLambdaBasicExecutionRole",
              ],
            ],
          },
        ],
      },
      "Type": "AWS::IAM::Role",
    },
  },
}
`;
